=== residual against its own sampling SE, per cell
  nb101_b4 topk=topk=1000      resid +0.0143  SE 0.0061  ratio 2.4
  nb101_b4 topk=topk=1000      resid +0.0000  SE 0.0061  ratio 0.0
  nb101_b4 topk=topk=1000      resid +0.0149  SE 0.0060  ratio 2.5
  nb101_b4 topk=topk=1000      resid +0.0000  SE 0.0060  ratio 0.0
  nb101_b4 topk=topk=1000      resid +0.0488  SE 0.0076  ratio 6.4
  nb101_b4 topk=topk=1000      resid +0.0000  SE 0.0076  ratio 0.0
  nb101_b4 topk=topk=1000      resid +0.0077  SE 0.0077  ratio 1.0
  nb101_b4 topk=topk=1000      resid +0.0000  SE 0.0077  ratio 0.0
  nb201_c10_e50 topk=topk=1000 resid +0.0135  SE 0.0038  ratio 3.5
  nb201_c10_e50 topk=topk=1000 resid +0.0000  SE 0.0038  ratio 0.0
  nb201_c10_e50 topk=topk=1000 resid -0.0003  SE 0.0043  ratio 0.1
  nb201_c10_e50 topk=topk=1000 resid +0.0000  SE 0.0043  ratio 0.0
  nb201_c10_e50 topk=topk=1000 resid -0.0434  SE 0.0066  ratio 6.6
  nb201_c10_e50 topk=topk=1000 resid +0.0000  SE 0.0066  ratio 0.0
  nb201_c10_e50 topk=topk=1000 resid -0.0235  SE 0.0086  ratio 2.7
  nb201_c10_e50 topk=topk=1000 resid +0.0000  SE 0.0086  ratio 0.0
  nb101_b4 topk=topk=10000     resid +0.0262  SE 0.0035  ratio 7.6
  nb101_b4 topk=topk=10000     resid +0.0000  SE 0.0035  ratio 0.0
  nb101_b4 topk=topk=10000     resid +0.0263  SE 0.0036  ratio 7.2
  nb101_b4 topk=topk=10000     resid +0.0000  SE 0.0036  ratio 0.0
  nb101_b4 topk=topk=10000     resid +0.0646  SE 0.0037  ratio 17.3
  nb101_b4 topk=topk=10000     resid +0.0000  SE 0.0037  ratio 0.0
  nb101_b4 topk=topk=10000     resid +0.0208  SE 0.0035  ratio 6.0
  nb101_b4 topk=topk=10000     resid +0.0000  SE 0.0035  ratio 0.0
  nb201_in16 topk=topk=10000   resid -0.0052  SE 0.0024  ratio 2.2
  nb201_in16 topk=topk=10000   resid +0.0000  SE 0.0024  ratio 0.0
  nb201_in16 topk=topk=10000   resid -0.0655  SE 0.0021  ratio 31.2
  nb201_in16 topk=topk=10000   resid +0.0000  SE 0.0021  ratio 0.0
  nb201_in16 topk=topk=10000   resid -0.0534  SE 0.0015  ratio 34.7
  nb201_in16 topk=topk=10000   resid +0.0000  SE 0.0015  ratio 0.0
  nb201_in16 topk=topk=10000   resid -0.1211  SE 0.0034  ratio 35.4
  nb201_in16 topk=topk=10000   resid +0.0000  SE 0.0034  ratio 0.0
